// Vitest Snapshot v1, https://vitest.dev/guide/snapshot.html

exports[`MCP server at /mcp (REDESIGN §5.8) > lists tools with risk annotations and no admin operations 1`] = `
[
  [
    "list_endpoints",
    true,
    false,
  ],
  [
    "get_endpoint",
    true,
    false,
  ],
  [
    "list_permission_groups",
    true,
    false,
  ],
  [
    "list_access_keys",
    true,
    false,
  ],
  [
    "share_link",
    true,
    false,
  ],
  [
    "create_endpoint",
    false,
    false,
  ],
  [
    "update_endpoint_settings",
    false,
    false,
  ],
  [
    "update_endpoint_content",
    false,
    false,
  ],
  [
    "publish_endpoint",
    false,
    true,
  ],
  [
    "unpublish_endpoint",
    false,
    true,
  ],
  [
    "create_permission_group",
    false,
    false,
  ],
  [
    "issue_access_key",
    false,
    false,
  ],
  [
    "revoke_access_key",
    false,
    true,
  ],
  [
    "delete_endpoint",
    false,
    true,
  ],
  [
    "delete_permission_group",
    false,
    true,
  ],
]
`;
